src/App.tsx(1,8): error TS6133: 'React' is declared but its value is never read.
src/App.tsx(3,1): error TS6133: 'Button' is declared but its value is never read.
src/App.tsx(4,1): error TS6133: 'Card' is declared but its value is never read.
src/components/DeletePanel.tsx(1,8): error TS6133: 'React' is declared but its value is never read.
src/components/DeletePanel.tsx(8,24): error TS1484: 'ParsedCSV' is a type and must be imported using a type-only import when 'verbatimModuleSyntax' is enabled.
src/components/ui/ColumnPicker.tsx(1,8): error TS6133: 'React' is declared but its value is never read.
src/components/ui/SegmentedControl.tsx(1,1): error TS6133: 'React' is declared but its value is never read.
src/components/ui/Stepper.tsx(1,1): error TS6133: 'React' is declared but its value is never read.
src/components/ui/Table.tsx(1,1): error TS6133: 'React' is declared but its value is never read.
src/components/UpsertPanel.tsx(1,8): error TS6133: 'React' is declared but its value is never read.
src/components/UpsertPanel.tsx(9,24): error TS1484: 'ParsedCSV' is a type and must be imported using a type-only import when 'verbatimModuleSyntax' is enabled.
